

================================================================
== Vivado HLS Report for 'split_ip_sobel'
================================================================
* Date:           Tue Jan 07 22:24:17 2020

* Version:        2016.2 (Build 1577090 on Thu Jun 02 16:59:10 MDT 2016)
* Project:        sobelx_or_y
* Solution:       solution1
* Product family: zynq
* Target device:  xc7z020clg400-1


================================================================
== Performance Estimates
================================================================
+ Timing (ns): 
    * Summary: 
    +--------+-------+----------+------------+
    |  Clock | Target| Estimated| Uncertainty|
    +--------+-------+----------+------------+
    |ap_clk  |  10.00|     11.00|        1.25|
    +--------+-------+----------+------------+

+ Latency (clock cycles): 
    * Summary: 
    +---------+---------+---------+---------+---------+
    |      Latency      |      Interval     | Pipeline|
    |   min   |   max   |   min   |   max   |   Type  |
    +---------+---------+---------+---------+---------+
    |  2087183|  2087183|  2087183|  2087183|   none  |
    +---------+---------+---------+---------+---------+

    + Detail: 
        * Instance: 
        +-----------------------------+-------------------+---------+---------+---------+---------+---------+
        |                             |                   |      Latency      |      Interval     | Pipeline|
        |           Instance          |       Module      |   min   |   max   |   min   |   max   |   Type  |
        +-----------------------------+-------------------+---------+---------+---------+---------+---------+
        |grp_split_ip_Filter2D_fu_56  |split_ip_Filter2D  |  2087182|  2087182|  2087182|  2087182|   none  |
        +-----------------------------+-------------------+---------+---------+---------+---------+---------+

        * Loop: 
        N/A



================================================================
== Utilization Estimates
================================================================
* Summary: 
+-----------------+---------+-------+--------+-------+
|       Name      | BRAM_18K| DSP48E|   FF   |  LUT  |
+-----------------+---------+-------+--------+-------+
|DSP              |        -|      -|       -|      -|
|Expression       |        -|      -|       0|      4|
|FIFO             |        -|      -|       -|      -|
|Instance         |        9|     18|     750|    766|
|Memory           |        -|      -|       -|      -|
|Multiplexer      |        -|      -|       -|     24|
|Register         |        -|      -|       5|      -|
+-----------------+---------+-------+--------+-------+
|Total            |        9|     18|     755|    794|
+-----------------+---------+-------+--------+-------+
|Available        |      280|    220|  106400|  53200|
+-----------------+---------+-------+--------+-------+
|Utilization (%)  |        3|      8|   ~0   |      1|
+-----------------+---------+-------+--------+-------+

+ Detail: 
    * Instance: 
    +-----------------------------+-------------------+---------+-------+-----+-----+
    |           Instance          |       Module      | BRAM_18K| DSP48E|  FF | LUT |
    +-----------------------------+-------------------+---------+-------+-----+-----+
    |grp_split_ip_Filter2D_fu_56  |split_ip_Filter2D  |        9|     18|  750|  766|
    +-----------------------------+-------------------+---------+-------+-----+-----+
    |Total                        |                   |        9|     18|  750|  766|
    +-----------------------------+-------------------+---------+-------+-----+-----+

    * DSP48: 
    N/A

    * Memory: 
    N/A

    * FIFO: 
    N/A

    * Expression: 
    +----------------+----------+-------+---+----+------------+------------+
    |  Variable Name | Operation| DSP48E| FF| LUT| Bitwidth P0| Bitwidth P1|
    +----------------+----------+-------+---+----+------------+------------+
    |tmp_i_fu_90_p2  |   icmp   |      0|  0|   3|           8|           1|
    |ap_sig_66       |    or    |      0|  0|   1|           1|           1|
    +----------------+----------+-------+---+----+------------+------------+
    |Total           |          |      0|  0|   4|           9|           2|
    +----------------+----------+-------+---+----+------------+------------+

    * Multiplexer: 
    +-----------------------------------------------------+----+-----------+-----+-----------+
    |                         Name                        | LUT| Input Size| Bits| Total Bits|
    +-----------------------------------------------------+----+-----------+-----+-----------+
    |ap_NS_fsm                                            |   1|          3|    1|          3|
    |direction_blk_n                                      |   1|          2|    1|          2|
    |grp_split_ip_Filter2D_fu_56_p_kernel_val_0_V_1_read  |   3|          3|    3|          9|
    |grp_split_ip_Filter2D_fu_56_p_kernel_val_0_V_2_read  |   2|          3|    2|          6|
    |grp_split_ip_Filter2D_fu_56_p_kernel_val_1_V_0_read  |   2|          3|    2|          6|
    |grp_split_ip_Filter2D_fu_56_p_kernel_val_1_V_2_read  |   3|          3|    3|          9|
    |grp_split_ip_Filter2D_fu_56_p_kernel_val_2_V_0_read  |   2|          3|    2|          6|
    |grp_split_ip_Filter2D_fu_56_p_kernel_val_2_V_1_read  |   4|          3|    4|         12|
    |img_in_data_stream_0_V_read                          |   1|          2|    1|          2|
    |img_in_data_stream_1_V_read                          |   1|          2|    1|          2|
    |img_in_data_stream_2_V_read                          |   1|          2|    1|          2|
    |img_out_data_stream_0_V_write                        |   1|          2|    1|          2|
    |img_out_data_stream_1_V_write                        |   1|          2|    1|          2|
    |img_out_data_stream_2_V_write                        |   1|          2|    1|          2|
    +-----------------------------------------------------+----+-----------+-----+-----------+
    |Total                                                |  24|         35|   24|         65|
    +-----------------------------------------------------+----+-----------+-----+-----------+

    * Register: 
    +---------------------------------------------+---+----+-----+-----------+
    |                     Name                    | FF| LUT| Bits| Const Bits|
    +---------------------------------------------+---+----+-----+-----------+
    |ap_CS_fsm                                    |  2|   0|    2|          0|
    |ap_done_reg                                  |  1|   0|    1|          0|
    |ap_reg_grp_split_ip_Filter2D_fu_56_ap_start  |  1|   0|    1|          0|
    |tmp_i_reg_96                                 |  1|   0|    1|          0|
    +---------------------------------------------+---+----+-----+-----------+
    |Total                                        |  5|   0|    5|          0|
    +---------------------------------------------+---+----+-----+-----------+



================================================================
== Interface
================================================================
* Summary: 
+--------------------------------+-----+-----+------------+-------------------------+--------------+
|            RTL Ports           | Dir | Bits|  Protocol  |      Source Object      |    C Type    |
+--------------------------------+-----+-----+------------+-------------------------+--------------+
|ap_clk                          |  in |    1| ap_ctrl_hs |      split_ip_sobel     | return value |
|ap_rst                          |  in |    1| ap_ctrl_hs |      split_ip_sobel     | return value |
|ap_start                        |  in |    1| ap_ctrl_hs |      split_ip_sobel     | return value |
|ap_done                         | out |    1| ap_ctrl_hs |      split_ip_sobel     | return value |
|ap_continue                     |  in |    1| ap_ctrl_hs |      split_ip_sobel     | return value |
|ap_idle                         | out |    1| ap_ctrl_hs |      split_ip_sobel     | return value |
|ap_ready                        | out |    1| ap_ctrl_hs |      split_ip_sobel     | return value |
|img_in_data_stream_0_V_dout     |  in |    8|   ap_fifo  |  img_in_data_stream_0_V |    pointer   |
|img_in_data_stream_0_V_empty_n  |  in |    1|   ap_fifo  |  img_in_data_stream_0_V |    pointer   |
|img_in_data_stream_0_V_read     | out |    1|   ap_fifo  |  img_in_data_stream_0_V |    pointer   |
|img_in_data_stream_1_V_dout     |  in |    8|   ap_fifo  |  img_in_data_stream_1_V |    pointer   |
|img_in_data_stream_1_V_empty_n  |  in |    1|   ap_fifo  |  img_in_data_stream_1_V |    pointer   |
|img_in_data_stream_1_V_read     | out |    1|   ap_fifo  |  img_in_data_stream_1_V |    pointer   |
|img_in_data_stream_2_V_dout     |  in |    8|   ap_fifo  |  img_in_data_stream_2_V |    pointer   |
|img_in_data_stream_2_V_empty_n  |  in |    1|   ap_fifo  |  img_in_data_stream_2_V |    pointer   |
|img_in_data_stream_2_V_read     | out |    1|   ap_fifo  |  img_in_data_stream_2_V |    pointer   |
|img_out_data_stream_0_V_din     | out |    8|   ap_fifo  | img_out_data_stream_0_V |    pointer   |
|img_out_data_stream_0_V_full_n  |  in |    1|   ap_fifo  | img_out_data_stream_0_V |    pointer   |
|img_out_data_stream_0_V_write   | out |    1|   ap_fifo  | img_out_data_stream_0_V |    pointer   |
|img_out_data_stream_1_V_din     | out |    8|   ap_fifo  | img_out_data_stream_1_V |    pointer   |
|img_out_data_stream_1_V_full_n  |  in |    1|   ap_fifo  | img_out_data_stream_1_V |    pointer   |
|img_out_data_stream_1_V_write   | out |    1|   ap_fifo  | img_out_data_stream_1_V |    pointer   |
|img_out_data_stream_2_V_din     | out |    8|   ap_fifo  | img_out_data_stream_2_V |    pointer   |
|img_out_data_stream_2_V_full_n  |  in |    1|   ap_fifo  | img_out_data_stream_2_V |    pointer   |
|img_out_data_stream_2_V_write   | out |    1|   ap_fifo  | img_out_data_stream_2_V |    pointer   |
|direction_dout                  |  in |    8|   ap_fifo  |        direction        |    pointer   |
|direction_empty_n               |  in |    1|   ap_fifo  |        direction        |    pointer   |
|direction_read                  | out |    1|   ap_fifo  |        direction        |    pointer   |
+--------------------------------+-----+-----+------------+-------------------------+--------------+

