

================================================================
== Vivado HLS Report for 'pynq_filters_arithm_pro'
================================================================
* Date:           Thu Nov 28 03:43:00 2019

* Version:        2016.2 (Build 1577090 on Thu Jun 02 16:59:10 MDT 2016)
* Project:        sharpen
* Solution:       solution1
* Product family: zynq
* Target device:  xc7z020clg400-1


================================================================
== Performance Estimates
================================================================
+ Timing (ns): 
    * Summary: 
    +--------+-------+----------+------------+
    |  Clock | Target| Estimated| Uncertainty|
    +--------+-------+----------+------------+
    |ap_clk  |  10.00|      8.23|        1.25|
    +--------+-------+----------+------------+

+ Latency (clock cycles): 
    * Summary: 
    +--------+--------+--------+--------+---------+
    |     Latency     |     Interval    | Pipeline|
    |   min  |   max  |   min  |   max  |   Type  |
    +--------+--------+--------+--------+---------+
    |  319201|  319201|  319201|  319201|   none  |
    +--------+--------+--------+--------+---------+

    + Detail: 
        * Instance: 
        +------------------------------------+-------------------------+-----+-----+-----+-----+----------+
        |                                    |                         |  Latency  |  Interval | Pipeline |
        |              Instance              |          Module         | min | max | min | max |   Type   |
        +------------------------------------+-------------------------+-----+-----+-----+-----+----------+
        |grp_pynq_filters_operator_s_fu_111  |pynq_filters_operator_s  |    3|    3|    1|    1| function |
        +------------------------------------+-------------------------+-----+-----+-----+-----+----------+

        * Loop: 
        +---------------+--------+--------+----------+-----------+-----------+------+----------+
        |               |     Latency     | Iteration|  Initiation Interval  | Trip |          |
        |   Loop Name   |   min  |   max  |  Latency |  achieved |   target  | Count| Pipelined|
        +---------------+--------+--------+----------+-----------+-----------+------+----------+
        |- loop_height  |  319200|  319200|       665|          -|          -|   480|    no    |
        | + loop_width  |     662|     662|        24|          1|          1|   640|    yes   |
        +---------------+--------+--------+----------+-----------+-----------+------+----------+



================================================================
== Utilization Estimates
================================================================
* Summary: 
+-----------------+---------+-------+--------+-------+
|       Name      | BRAM_18K| DSP48E|   FF   |  LUT  |
+-----------------+---------+-------+--------+-------+
|DSP              |        -|      -|       -|      -|
|Expression       |        -|      -|       0|     28|
|FIFO             |        -|      -|       -|      -|
|Instance         |        -|     14|    1385|   3601|
|Memory           |        -|      -|       -|      -|
|Multiplexer      |        -|      -|       -|     23|
|Register         |        -|      -|     269|      1|
+-----------------+---------+-------+--------+-------+
|Total            |        0|     14|    1654|   3653|
+-----------------+---------+-------+--------+-------+
|Available        |      280|    220|  106400|  53200|
+-----------------+---------+-------+--------+-------+
|Utilization (%)  |        0|      6|       1|      6|
+-----------------+---------+-------+--------+-------+

+ Detail: 
    * Instance: 
    +------------------------------------------------+-------------------------------------------+---------+-------+-----+------+
    |                    Instance                    |                   Module                  | BRAM_18K| DSP48E|  FF |  LUT |
    +------------------------------------------------+-------------------------------------------+---------+-------+-----+------+
    |pynq_filters_dadd_64ns_64ns_64_5_full_dsp_U107  |pynq_filters_dadd_64ns_64ns_64_5_full_dsp  |        0|      3|  445|  1149|
    |pynq_filters_dmul_64ns_64ns_64_6_max_dsp_U108   |pynq_filters_dmul_64ns_64ns_64_6_max_dsp   |        0|     11|  317|   578|
    |grp_pynq_filters_operator_s_fu_111              |pynq_filters_operator_s                    |        0|      0|  211|  1229|
    |pynq_filters_sitodp_32s_64_6_U109               |pynq_filters_sitodp_32s_64_6               |        0|      0|  412|   645|
    +------------------------------------------------+-------------------------------------------+---------+-------+-----+------+
    |Total                                           |                                           |        0|     14| 1385|  3601|
    +------------------------------------------------+-------------------------------------------+---------+-------+-----+------+

    * DSP48: 
    N/A

    * Memory: 
    N/A

    * FIFO: 
    N/A

    * Expression: 
    +---------------------+----------+-------+---+----+------------+------------+
    |    Variable Name    | Operation| DSP48E| FF| LUT| Bitwidth P0| Bitwidth P1|
    +---------------------+----------+-------+---+----+------------+------------+
    |i_V_fu_134_p2        |     +    |      0|  0|   9|           9|           1|
    |j_V_fu_146_p2        |     +    |      0|  0|  10|          10|           1|
    |ap_sig_121           |    and   |      0|  0|   1|           1|           1|
    |ap_sig_125           |    and   |      0|  0|   1|           1|           1|
    |exitcond2_fu_128_p2  |   icmp   |      0|  0|   3|           9|           7|
    |exitcond_fu_140_p2   |   icmp   |      0|  0|   4|          10|          10|
    +---------------------+----------+-------+---+----+------------+------------+
    |Total                |          |      0|  0|  28|          40|          21|
    +---------------------+----------+-------+---+----+------------+------------+

    * Multiplexer: 
    +---------------------------+----+-----------+-----+-----------+
    |            Name           | LUT| Input Size| Bits| Total Bits|
    +---------------------------+----+-----------+-----+-----------+
    |ap_NS_fsm                  |   1|          5|    1|          5|
    |ap_reg_ppiten_pp0_it23     |   1|          2|    1|          2|
    |dst_data_stream_V_V_blk_n  |   1|          2|    1|          2|
    |p_1_reg_100                |  10|          2|   10|         20|
    |p_s_reg_89                 |   9|          2|    9|         18|
    |src_data_stream_V_V_blk_n  |   1|          2|    1|          2|
    +---------------------------+----+-----------+-----+-----------+
    |Total                      |  23|         15|   23|         49|
    +---------------------------+----+-----------+-----+-----------+

    * Register: 
    +------------------------+----+----+-----+-----------+
    |          Name          | FF | LUT| Bits| Const Bits|
    +------------------------+----+----+-----+-----------+
    |ap_CS_fsm               |   4|   0|    4|          0|
    |ap_reg_ppiten_pp0_it0   |   1|   0|    1|          0|
    |ap_reg_ppiten_pp0_it1   |   1|   0|    1|          0|
    |ap_reg_ppiten_pp0_it10  |   1|   0|    1|          0|
    |ap_reg_ppiten_pp0_it11  |   1|   0|    1|          0|
    |ap_reg_ppiten_pp0_it12  |   1|   0|    1|          0|
    |ap_reg_ppiten_pp0_it13  |   1|   0|    1|          0|
    |ap_reg_ppiten_pp0_it14  |   1|   0|    1|          0|
    |ap_reg_ppiten_pp0_it15  |   1|   0|    1|          0|
    |ap_reg_ppiten_pp0_it16  |   1|   0|    1|          0|
    |ap_reg_ppiten_pp0_it17  |   1|   0|    1|          0|
    |ap_reg_ppiten_pp0_it18  |   1|   0|    1|          0|
    |ap_reg_ppiten_pp0_it19  |   1|   0|    1|          0|
    |ap_reg_ppiten_pp0_it2   |   1|   0|    1|          0|
    |ap_reg_ppiten_pp0_it20  |   1|   0|    1|          0|
    |ap_reg_ppiten_pp0_it21  |   1|   0|    1|          0|
    |ap_reg_ppiten_pp0_it22  |   1|   0|    1|          0|
    |ap_reg_ppiten_pp0_it23  |   1|   0|    1|          0|
    |ap_reg_ppiten_pp0_it3   |   1|   0|    1|          0|
    |ap_reg_ppiten_pp0_it4   |   1|   0|    1|          0|
    |ap_reg_ppiten_pp0_it5   |   1|   0|    1|          0|
    |ap_reg_ppiten_pp0_it6   |   1|   0|    1|          0|
    |ap_reg_ppiten_pp0_it7   |   1|   0|    1|          0|
    |ap_reg_ppiten_pp0_it8   |   1|   0|    1|          0|
    |ap_reg_ppiten_pp0_it9   |   1|   0|    1|          0|
    |exitcond_reg_170        |   1|   0|    1|          0|
    |i_V_reg_165             |   9|   0|    9|          0|
    |mult_t_reg_194          |  64|   0|   64|          0|
    |p_1_reg_100             |  10|   0|   10|          0|
    |p_s_reg_89              |   9|   0|    9|          0|
    |sum_t_reg_199           |  64|   0|   64|          0|
    |tmp_V11_reg_204         |  10|   0|   10|          0|
    |tmp_V_reg_179           |  10|   0|   10|          0|
    |tmp_s_reg_189           |  64|   0|   64|          0|
    |exitcond_reg_170        |   0|   1|    1|          0|
    +------------------------+----+----+-----+-----------+
    |Total                   | 269|   1|  270|          0|
    +------------------------+----+----+-----+-----------+



================================================================
== Interface
================================================================
* Summary: 
+-----------------------------+-----+-----+------------+-------------------------+--------------+
|          RTL Ports          | Dir | Bits|  Protocol  |      Source Object      |    C Type    |
+-----------------------------+-----+-----+------------+-------------------------+--------------+
|ap_clk                       |  in |    1| ap_ctrl_hs | pynq_filters_arithm_pro | return value |
|ap_rst                       |  in |    1| ap_ctrl_hs | pynq_filters_arithm_pro | return value |
|ap_start                     |  in |    1| ap_ctrl_hs | pynq_filters_arithm_pro | return value |
|ap_done                      | out |    1| ap_ctrl_hs | pynq_filters_arithm_pro | return value |
|ap_idle                      | out |    1| ap_ctrl_hs | pynq_filters_arithm_pro | return value |
|ap_ready                     | out |    1| ap_ctrl_hs | pynq_filters_arithm_pro | return value |
|src_data_stream_V_V_dout     |  in |   10|   ap_fifo  |   src_data_stream_V_V   |    pointer   |
|src_data_stream_V_V_empty_n  |  in |    1|   ap_fifo  |   src_data_stream_V_V   |    pointer   |
|src_data_stream_V_V_read     | out |    1|   ap_fifo  |   src_data_stream_V_V   |    pointer   |
|dst_data_stream_V_V_din      | out |   10|   ap_fifo  |   dst_data_stream_V_V   |    pointer   |
|dst_data_stream_V_V_full_n   |  in |    1|   ap_fifo  |   dst_data_stream_V_V   |    pointer   |
|dst_data_stream_V_V_write    | out |    1|   ap_fifo  |   dst_data_stream_V_V   |    pointer   |
|p0                           |  in |   64|   ap_none  |            p0           |    scalar    |
+-----------------------------+-----+-----+------------+-------------------------+--------------+

