

================================================================
== Vivado HLS Report for 'pynq_filters_Block_proc208'
================================================================
* Date:           Thu Nov 28 03:42:58 2019

* Version:        2016.2 (Build 1577090 on Thu Jun 02 16:59:10 MDT 2016)
* Project:        sharpen
* Solution:       solution1
* Product family: zynq
* Target device:  xc7z020clg400-1


================================================================
== Performance Estimates
================================================================
+ Timing (ns): 
    * Summary: 
    +--------+-------+----------+------------+
    |  Clock | Target| Estimated| Uncertainty|
    +--------+-------+----------+------------+
    |ap_clk  |  10.00|      8.62|        1.25|
    +--------+-------+----------+------------+

+ Latency (clock cycles): 
    * Summary: 
    +-----+-----+-----+-----+---------+
    |  Latency  |  Interval | Pipeline|
    | min | max | min | max |   Type  |
    +-----+-----+-----+-----+---------+
    |   38|   38|   38|   38|   none  |
    +-----+-----+-----+-----+---------+

    + Detail: 
        * Instance: 
        N/A

        * Loop: 
        N/A



================================================================
== Utilization Estimates
================================================================
* Summary: 
+-----------------+---------+-------+--------+-------+
|       Name      | BRAM_18K| DSP48E|   FF   |  LUT  |
+-----------------+---------+-------+--------+-------+
|DSP              |        -|      -|       -|      -|
|Expression       |        -|      -|       0|      1|
|FIFO             |        -|      -|       -|      -|
|Instance         |        -|      0|    3623|   4303|
|Memory           |        -|      -|       -|      -|
|Multiplexer      |        -|      -|       -|     74|
|Register         |        -|      -|     200|      -|
+-----------------+---------+-------+--------+-------+
|Total            |        0|      0|    3823|   4378|
+-----------------+---------+-------+--------+-------+
|Available        |      280|    220|  106400|  53200|
+-----------------+---------+-------+--------+-------+
|Utilization (%)  |        0|      0|       3|      8|
+-----------------+---------+-------+--------+-------+

+ Detail: 
    * Instance: 
    +----------------------------------------+-----------------------------------+---------+-------+------+------+
    |                Instance                |               Module              | BRAM_18K| DSP48E|  FF  |  LUT |
    +----------------------------------------+-----------------------------------+---------+-------+------+------+
    |pynq_filters_ddiv_64ns_64ns_64_31_U102  |pynq_filters_ddiv_64ns_64ns_64_31  |        0|      0|  3211|  3658|
    |pynq_filters_sitodp_32ns_64_6_U103      |pynq_filters_sitodp_32ns_64_6      |        0|      0|   412|   645|
    +----------------------------------------+-----------------------------------+---------+-------+------+------+
    |Total                                   |                                   |        0|      0|  3623|  4303|
    +----------------------------------------+-----------------------------------+---------+-------+------+------+

    * DSP48: 
    N/A

    * Memory: 
    N/A

    * FIFO: 
    N/A

    * Expression: 
    +--------------+----------+-------+---+----+------------+------------+
    | Variable Name| Operation| DSP48E| FF| LUT| Bitwidth P0| Bitwidth P1|
    +--------------+----------+-------+---+----+------------+------------+
    |ap_sig_91     |    or    |      0|  0|   1|           1|           1|
    +--------------+----------+-------+---+----+------------+------------+
    |Total         |          |      0|  0|   1|           1|           1|
    +--------------+----------+-------+---+----+------------+------------+

    * Multiplexer: 
    +---------------------+----+-----------+-----+-----------+
    |         Name        | LUT| Input Size| Bits| Total Bits|
    +---------------------+----+-----------+-----+-----------+
    |ap_NS_fsm            |  72|         40|    1|         40|
    |reduce_blk_n         |   1|          2|    1|          2|
    |tmp_1_out_out_blk_n  |   1|          2|    1|          2|
    +---------------------+----+-----------+-----+-----------+
    |Total                |  74|         44|    3|         44|
    +---------------------+----+-----------+-----+-----------+

    * Register: 
    +--------------------+----+----+-----+-----------+
    |        Name        | FF | LUT| Bits| Const Bits|
    +--------------------+----+----+-----+-----------+
    |ap_CS_fsm           |  39|   0|   39|          0|
    |ap_done_reg         |   1|   0|    1|          0|
    |reduce_read_reg_43  |  32|   0|   32|          0|
    |tmp_1_i_reg_53      |  64|   0|   64|          0|
    |tmp_i_reg_48        |  64|   0|   64|          0|
    +--------------------+----+----+-----+-----------+
    |Total               | 200|   0|  200|          0|
    +--------------------+----+----+-----+-----------+



================================================================
== Interface
================================================================
* Summary: 
+----------------------+-----+-----+------------+-----------------------------+--------------+
|       RTL Ports      | Dir | Bits|  Protocol  |        Source Object        |    C Type    |
+----------------------+-----+-----+------------+-----------------------------+--------------+
|ap_clk                |  in |    1| ap_ctrl_hs | pynq_filters_Block__proc208 | return value |
|ap_rst                |  in |    1| ap_ctrl_hs | pynq_filters_Block__proc208 | return value |
|ap_start              |  in |    1| ap_ctrl_hs | pynq_filters_Block__proc208 | return value |
|ap_done               | out |    1| ap_ctrl_hs | pynq_filters_Block__proc208 | return value |
|ap_continue           |  in |    1| ap_ctrl_hs | pynq_filters_Block__proc208 | return value |
|ap_idle               | out |    1| ap_ctrl_hs | pynq_filters_Block__proc208 | return value |
|ap_ready              | out |    1| ap_ctrl_hs | pynq_filters_Block__proc208 | return value |
|reduce_dout           |  in |   32|   ap_fifo  |            reduce           |    pointer   |
|reduce_empty_n        |  in |    1|   ap_fifo  |            reduce           |    pointer   |
|reduce_read           | out |    1|   ap_fifo  |            reduce           |    pointer   |
|tmp_1_out_out_din     | out |   64|   ap_fifo  |        tmp_1_out_out        |    pointer   |
|tmp_1_out_out_full_n  |  in |    1|   ap_fifo  |        tmp_1_out_out        |    pointer   |
|tmp_1_out_out_write   | out |    1|   ap_fifo  |        tmp_1_out_out        |    pointer   |
+----------------------+-----+-----+------------+-----------------------------+--------------+

