

================================================================
== Vivado HLS Report for 'pynq_filters_convertToSigned'
================================================================
* Date:           Thu Nov 28 03:42:55 2019

* Version:        2016.2 (Build 1577090 on Thu Jun 02 16:59:10 MDT 2016)
* Project:        sharpen
* Solution:       solution1
* Product family: zynq
* Target device:  xc7z020clg400-1


================================================================
== Performance Estimates
================================================================
+ Timing (ns): 
    * Summary: 
    +--------+-------+----------+------------+
    |  Clock | Target| Estimated| Uncertainty|
    +--------+-------+----------+------------+
    |ap_clk  |  10.00|      8.75|        1.25|
    +--------+-------+----------+------------+

+ Latency (clock cycles): 
    * Summary: 
    +--------+--------+--------+--------+---------+
    |     Latency     |     Interval    | Pipeline|
    |   min  |   max  |   min  |   max  |   Type  |
    +--------+--------+--------+--------+---------+
    |  308641|  308641|  308641|  308641|   none  |
    +--------+--------+--------+--------+---------+

    + Detail: 
        * Instance: 
        N/A

        * Loop: 
        +----------+--------+--------+----------+-----------+-----------+------+----------+
        |          |     Latency     | Iteration|  Initiation Interval  | Trip |          |
        | Loop Name|   min  |   max  |  Latency |  achieved |   target  | Count| Pipelined|
        +----------+--------+--------+----------+-----------+-----------+------+----------+
        |- L_row   |  308640|  308640|       643|          -|          -|   480|    no    |
        | + L_col  |     640|     640|         2|          1|          1|   640|    yes   |
        +----------+--------+--------+----------+-----------+-----------+------+----------+



================================================================
== Utilization Estimates
================================================================
* Summary: 
+-----------------+---------+-------+--------+-------+
|       Name      | BRAM_18K| DSP48E|   FF   |  LUT  |
+-----------------+---------+-------+--------+-------+
|DSP              |        -|      -|       -|      -|
|Expression       |        -|      -|       0|     28|
|FIFO             |        -|      -|       -|      -|
|Instance         |        -|      -|       -|      -|
|Memory           |        -|      -|       -|      -|
|Multiplexer      |        -|      -|       -|     22|
|Register         |        -|      -|      36|      -|
+-----------------+---------+-------+--------+-------+
|Total            |        0|      0|      36|     50|
+-----------------+---------+-------+--------+-------+
|Available        |      280|    220|  106400|  53200|
+-----------------+---------+-------+--------+-------+
|Utilization (%)  |        0|      0|   ~0   |   ~0  |
+-----------------+---------+-------+--------+-------+

+ Detail: 
    * Instance: 
    N/A

    * DSP48: 
    N/A

    * Memory: 
    N/A

    * FIFO: 
    N/A

    * Expression: 
    +--------------------+----------+-------+---+----+------------+------------+
    |    Variable Name   | Operation| DSP48E| FF| LUT| Bitwidth P0| Bitwidth P1|
    +--------------------+----------+-------+---+----+------------+------------+
    |col_3_fu_113_p2     |     +    |      0|  0|  10|          10|           1|
    |row_3_fu_101_p2     |     +    |      0|  0|   9|           9|           1|
    |exitcond9_fu_95_p2  |   icmp   |      0|  0|   3|           9|           7|
    |exitcond_fu_107_p2  |   icmp   |      0|  0|   4|          10|          10|
    |ap_sig_74           |    or    |      0|  0|   1|           1|           1|
    |ap_sig_95           |    or    |      0|  0|   1|           1|           1|
    +--------------------+----------+-------+---+----+------------+------------+
    |Total               |          |      0|  0|  28|          40|          21|
    +--------------------+----------+-------+---+----+------------+------------+

    * Multiplexer: 
    +-------------------------------+----+-----------+-----+-----------+
    |              Name             | LUT| Input Size| Bits| Total Bits|
    +-------------------------------+----+-----------+-----+-----------+
    |ap_NS_fsm                      |   1|          5|    1|          5|
    |col_reg_84                     |  10|          2|   10|         20|
    |img_in0_data_stream_V_blk_n    |   1|          2|    1|          2|
    |img_out_data_stream_V_V_blk_n  |   1|          2|    1|          2|
    |row_reg_73                     |   9|          2|    9|         18|
    +-------------------------------+----+-----------+-----+-----------+
    |Total                          |  22|         13|   22|         47|
    +-------------------------------+----+-----------+-----+-----------+

    * Register: 
    +-----------------------+----+----+-----+-----------+
    |          Name         | FF | LUT| Bits| Const Bits|
    +-----------------------+----+----+-----+-----------+
    |ap_CS_fsm              |   4|   0|    4|          0|
    |ap_done_reg            |   1|   0|    1|          0|
    |ap_reg_ppiten_pp0_it0  |   1|   0|    1|          0|
    |ap_reg_ppiten_pp0_it1  |   1|   0|    1|          0|
    |col_reg_84             |  10|   0|   10|          0|
    |exitcond_reg_133       |   1|   0|    1|          0|
    |row_3_reg_128          |   9|   0|    9|          0|
    |row_reg_73             |   9|   0|    9|          0|
    +-----------------------+----+----+-----+-----------+
    |Total                  |  36|   0|   36|          0|
    +-----------------------+----+----+-----+-----------+



================================================================
== Interface
================================================================
* Summary: 
+--------------------------------+-----+-----+------------+------------------------------+--------------+
|            RTL Ports           | Dir | Bits|  Protocol  |         Source Object        |    C Type    |
+--------------------------------+-----+-----+------------+------------------------------+--------------+
|ap_clk                          |  in |    1| ap_ctrl_hs | pynq_filters_convertToSigned | return value |
|ap_rst                          |  in |    1| ap_ctrl_hs | pynq_filters_convertToSigned | return value |
|ap_start                        |  in |    1| ap_ctrl_hs | pynq_filters_convertToSigned | return value |
|ap_done                         | out |    1| ap_ctrl_hs | pynq_filters_convertToSigned | return value |
|ap_continue                     |  in |    1| ap_ctrl_hs | pynq_filters_convertToSigned | return value |
|ap_idle                         | out |    1| ap_ctrl_hs | pynq_filters_convertToSigned | return value |
|ap_ready                        | out |    1| ap_ctrl_hs | pynq_filters_convertToSigned | return value |
|img_in0_data_stream_V_dout      |  in |    8|   ap_fifo  |     img_in0_data_stream_V    |    pointer   |
|img_in0_data_stream_V_empty_n   |  in |    1|   ap_fifo  |     img_in0_data_stream_V    |    pointer   |
|img_in0_data_stream_V_read      | out |    1|   ap_fifo  |     img_in0_data_stream_V    |    pointer   |
|img_out_data_stream_V_V_din     | out |   10|   ap_fifo  |    img_out_data_stream_V_V   |    pointer   |
|img_out_data_stream_V_V_full_n  |  in |    1|   ap_fifo  |    img_out_data_stream_V_V   |    pointer   |
|img_out_data_stream_V_V_write   | out |    1|   ap_fifo  |    img_out_data_stream_V_V   |    pointer   |
+--------------------------------+-----+-----+------------+------------------------------+--------------+

